[16:47:32.798] [INFO] storybook v10.3.5
[16:47:33.093] [ERROR] [38;2;241;97;97mSB_CORE-SERVER_0007 (MainFileEvaluationError): Storybook couldn't evaluate your [33m.storybook\main.ts[39m file.

Original error:
[37mError [ERR_MODULE_NOT_FOUND]: Cannot find package 'remark-gfm' imported from \.storybook\main.ts
    at Object.getPackageJSONURL (node:internal/modules/package_json_reader:314:9)
    at packageResolve (node:internal/modules/esm/resolve:768:81)
    at moduleResolve (node:internal/modules/esm/resolve:855:18)
    at defaultResolve (node:internal/modules/esm/resolve:985:11)
    at nextResolve (node:internal/modules/esm/hooks:748:28)
    at Hooks.resolve (node:internal/modules/esm/hooks:240:30)
    at MessagePort.handleMessage (node:internal/modules/esm/worker:199:24)
    at [nodejs.internal.kHybridDispatch] (node:internal/event_target:843:20)
    at MessagePort.<anonymous> (node:internal/per_context/messageport:23:28)[39m[39m
    at loadMainConfig (file:///C:/Users/u302371/OneDrive%20-%20Australian%20Retirement%20Trust/Sites/Foundation/node_modules/storybook/dist/_node-chunks/chunk-GOY6UMCB.js:11712:11)
    at async buildDevStandalone (file:///C:/Users/u302371/OneDrive%20-%20Australian%20Retirement%20Trust/Sites/Foundation/node_modules/storybook/dist/core-server/index.js:7953:16)
    at async withTelemetry (file:///C:/Users/u302371/OneDrive%20-%20Australian%20Retirement%20Trust/Sites/Foundation/node_modules/storybook/dist/_node-chunks/chunk-FIR43JGQ.js:225:12)
    at async dev (file:///C:/Users/u302371/OneDrive%20-%20Australian%20Retirement%20Trust/Sites/Foundation/node_modules/storybook/dist/bin/core.js:2736:3)
    at async _Command.<anonymous> (file:///C:/Users/u302371/OneDrive%20-%20Australian%20Retirement%20Trust/Sites/Foundation/node_modules/storybook/dist/bin/core.js:2806:92)
[16:47:33.098] [WARN] Broken build, fix the error above.
You may need to refresh the browser.
[16:47:33.104] [WARN]   Failed to load preset: "C:/Users/u302371/OneDrive - Australian Retirement Trust/Sites/Foundation/.storybook/main.ts"
[16:47:33.105] [ERROR] Error [ERR_MODULE_NOT_FOUND]: Cannot find package 'remark-gfm' imported from .\.storybook\main.ts
    at Object.getPackageJSONURL (node:internal/modules/package_json_reader:314:9)
    at packageResolve (node:internal/modules/esm/resolve:768:81)
    at moduleResolve (node:internal/modules/esm/resolve:855:18)
    at defaultResolve (node:internal/modules/esm/resolve:985:11)
    at nextResolve (node:internal/modules/esm/hooks:748:28)
    at Hooks.resolve (node:internal/modules/esm/hooks:240:30)
    at MessagePort.handleMessage (node:internal/modules/esm/worker:199:24)
    at [nodejs.internal.kHybridDispatch] (node:internal/event_target:843:20)
    at MessagePort.<anonymous> (node:internal/per_context/messageport:23:28)