[     175ms] [WARNING] The 'ariaLabel' prop on 'PopoverProvider' will become mandatory in Storybook 11. Provide a concise, accessible label describing the popover's purpose. @ http://localhost:6006/sb-manager/globals-runtime.js:5810
[     933ms] [WARNING] MUI: You have provided an out-of-range value `undefined` for the select component.
Consider providing a value that matches one of the available options or ''.
The available values are `apple`, `banana`, `cherry`, `durian`. @ http://localhost:6006/node_modules/.cache/storybook/10.3.5/1c3385a5d25e538d10b518b310c74d3ca2690b6aaffeadccd74da79736171f86/sb-vite/deps/Select-LCKMaP0S.js?v=9a6247d0:2755
[     934ms] [WARNING] MUI: You have provided an out-of-range value `undefined` for the select component.
Consider providing a value that matches one of the available options or ''.
The available values are `au`, `nz`, `us`. @ http://localhost:6006/node_modules/.cache/storybook/10.3.5/1c3385a5d25e538d10b518b310c74d3ca2690b6aaffeadccd74da79736171f86/sb-vite/deps/Select-LCKMaP0S.js?v=9a6247d0:2755
[     941ms] [WARNING] MUI: You have provided an out-of-range value `undefined` for the select component.
Consider providing a value that matches one of the available options or ''.
The available values are `apple`, `banana`, `cherry`, `durian`. @ http://localhost:6006/node_modules/.cache/storybook/10.3.5/1c3385a5d25e538d10b518b310c74d3ca2690b6aaffeadccd74da79736171f86/sb-vite/deps/Select-LCKMaP0S.js?v=9a6247d0:2755
[     942ms] [WARNING] MUI: You have provided an out-of-range value `undefined` for the select component.
Consider providing a value that matches one of the available options or ''.
The available values are `au`, `nz`, `us`. @ http://localhost:6006/node_modules/.cache/storybook/10.3.5/1c3385a5d25e538d10b518b310c74d3ca2690b6aaffeadccd74da79736171f86/sb-vite/deps/Select-LCKMaP0S.js?v=9a6247d0:2755
[ 2582069ms] [WARNING] Attempted to set a global (measureEnabled) that is not defined in initial globals or globalTypes @ http://localhost:6006/node_modules/.cache/storybook/10.3.5/1c3385a5d25e538d10b518b310c74d3ca2690b6aaffeadccd74da79736171f86/sb-vite/deps/storybook_internal_preview_runtime.js?v=9a6247d0:13334
[ 2582069ms] [WARNING] Attempted to set a global (backgrounds) that is not defined in initial globals or globalTypes @ http://localhost:6006/node_modules/.cache/storybook/10.3.5/1c3385a5d25e538d10b518b310c74d3ca2690b6aaffeadccd74da79736171f86/sb-vite/deps/storybook_internal_preview_runtime.js?v=9a6247d0:13334
[ 2582069ms] [WARNING] Attempted to set a global (outline) that is not defined in initial globals or globalTypes @ http://localhost:6006/node_modules/.cache/storybook/10.3.5/1c3385a5d25e538d10b518b310c74d3ca2690b6aaffeadccd74da79736171f86/sb-vite/deps/storybook_internal_preview_runtime.js?v=9a6247d0:13334
[ 2582069ms] [WARNING] Attempted to set a global (viewport) that is not defined in initial globals or globalTypes @ http://localhost:6006/node_modules/.cache/storybook/10.3.5/1c3385a5d25e538d10b518b310c74d3ca2690b6aaffeadccd74da79736171f86/sb-vite/deps/storybook_internal_preview_runtime.js?v=9a6247d0:13334
[ 2582217ms] [WARNING] MUI: You have provided an out-of-range value `undefined` for the select component.
Consider providing a value that matches one of the available options or ''.
The available values are `apple`, `banana`, `cherry`, `durian`. @ http://localhost:6006/node_modules/.cache/storybook/10.3.5/1c3385a5d25e538d10b518b310c74d3ca2690b6aaffeadccd74da79736171f86/sb-vite/deps/Select-LCKMaP0S.js?v=9a6247d0:2755
[ 2582219ms] [WARNING] MUI: You have provided an out-of-range value `undefined` for the select component.
Consider providing a value that matches one of the available options or ''.
The available values are `au`, `nz`, `us`. @ http://localhost:6006/node_modules/.cache/storybook/10.3.5/1c3385a5d25e538d10b518b310c74d3ca2690b6aaffeadccd74da79736171f86/sb-vite/deps/Select-LCKMaP0S.js?v=9a6247d0:2755
[ 2582371ms] [WARNING] MUI: You have provided an out-of-range value `undefined` for the select component.
Consider providing a value that matches one of the available options or ''.
The available values are `apple`, `banana`, `cherry`, `durian`. @ http://localhost:6006/node_modules/.cache/storybook/10.3.5/1c3385a5d25e538d10b518b310c74d3ca2690b6aaffeadccd74da79736171f86/sb-vite/deps/Select-LCKMaP0S.js?v=9a6247d0:2755
[ 2582372ms] [WARNING] MUI: You have provided an out-of-range value `undefined` for the select component.
Consider providing a value that matches one of the available options or ''.
The available values are `au`, `nz`, `us`. @ http://localhost:6006/node_modules/.cache/storybook/10.3.5/1c3385a5d25e538d10b518b310c74d3ca2690b6aaffeadccd74da79736171f86/sb-vite/deps/Select-LCKMaP0S.js?v=9a6247d0:2755
[ 2582377ms] [WARNING] MUI: You have provided an out-of-range value `undefined` for the select component.
Consider providing a value that matches one of the available options or ''.
The available values are `apple`, `banana`, `cherry`, `durian`. @ http://localhost:6006/node_modules/.cache/storybook/10.3.5/1c3385a5d25e538d10b518b310c74d3ca2690b6aaffeadccd74da79736171f86/sb-vite/deps/Select-LCKMaP0S.js?v=9a6247d0:2755
[ 2582378ms] [WARNING] MUI: You have provided an out-of-range value `undefined` for the select component.
Consider providing a value that matches one of the available options or ''.
The available values are `au`, `nz`, `us`. @ http://localhost:6006/node_modules/.cache/storybook/10.3.5/1c3385a5d25e538d10b518b310c74d3ca2690b6aaffeadccd74da79736171f86/sb-vite/deps/Select-LCKMaP0S.js?v=9a6247d0:2755
[ 2597678ms] [WARNING] MUI: You have provided an out-of-range value `undefined` for the select component.
Consider providing a value that matches one of the available options or ''.
The available values are `apple`, `banana`, `cherry`, `durian`. @ http://localhost:6006/node_modules/.cache/storybook/10.3.5/1c3385a5d25e538d10b518b310c74d3ca2690b6aaffeadccd74da79736171f86/sb-vite/deps/Select-LCKMaP0S.js?v=9a6247d0:2755
[ 2597679ms] [WARNING] MUI: You have provided an out-of-range value `undefined` for the select component.
Consider providing a value that matches one of the available options or ''.
The available values are `au`, `nz`, `us`. @ http://localhost:6006/node_modules/.cache/storybook/10.3.5/1c3385a5d25e538d10b518b310c74d3ca2690b6aaffeadccd74da79736171f86/sb-vite/deps/Select-LCKMaP0S.js?v=9a6247d0:2755
[ 2597684ms] [WARNING] MUI: You have provided an out-of-range value `undefined` for the select component.
Consider providing a value that matches one of the available options or ''.
The available values are `apple`, `banana`, `cherry`, `durian`. @ http://localhost:6006/node_modules/.cache/storybook/10.3.5/1c3385a5d25e538d10b518b310c74d3ca2690b6aaffeadccd74da79736171f86/sb-vite/deps/Select-LCKMaP0S.js?v=9a6247d0:2755
[ 2597685ms] [WARNING] MUI: You have provided an out-of-range value `undefined` for the select component.
Consider providing a value that matches one of the available options or ''.
The available values are `au`, `nz`, `us`. @ http://localhost:6006/node_modules/.cache/storybook/10.3.5/1c3385a5d25e538d10b518b310c74d3ca2690b6aaffeadccd74da79736171f86/sb-vite/deps/Select-LCKMaP0S.js?v=9a6247d0:2755
[ 2605567ms] [WARNING] MUI: You have provided an out-of-range value `undefined` for the select component.
Consider providing a value that matches one of the available options or ''.
The available values are `apple`, `banana`, `cherry`, `durian`. @ http://localhost:6006/node_modules/.cache/storybook/10.3.5/1c3385a5d25e538d10b518b310c74d3ca2690b6aaffeadccd74da79736171f86/sb-vite/deps/Select-LCKMaP0S.js?v=9a6247d0:2755
[ 2605567ms] [WARNING] MUI: You have provided an out-of-range value `undefined` for the select component.
Consider providing a value that matches one of the available options or ''.
The available values are `au`, `nz`, `us`. @ http://localhost:6006/node_modules/.cache/storybook/10.3.5/1c3385a5d25e538d10b518b310c74d3ca2690b6aaffeadccd74da79736171f86/sb-vite/deps/Select-LCKMaP0S.js?v=9a6247d0:2755
[ 2605573ms] [WARNING] MUI: You have provided an out-of-range value `undefined` for the select component.
Consider providing a value that matches one of the available options or ''.
The available values are `apple`, `banana`, `cherry`, `durian`. @ http://localhost:6006/node_modules/.cache/storybook/10.3.5/1c3385a5d25e538d10b518b310c74d3ca2690b6aaffeadccd74da79736171f86/sb-vite/deps/Select-LCKMaP0S.js?v=9a6247d0:2755
[ 2605574ms] [WARNING] MUI: You have provided an out-of-range value `undefined` for the select component.
Consider providing a value that matches one of the available options or ''.
The available values are `au`, `nz`, `us`. @ http://localhost:6006/node_modules/.cache/storybook/10.3.5/1c3385a5d25e538d10b518b310c74d3ca2690b6aaffeadccd74da79736171f86/sb-vite/deps/Select-LCKMaP0S.js?v=9a6247d0:2755
[ 2698632ms] [LOG] [vite] server connection lost. Polling for restart... @ http://localhost:6006/@vite/client:968
[ 2709583ms] [WARNING] MUI: You have provided an out-of-range value `undefined` for the select component.
Consider providing a value that matches one of the available options or ''.
The available values are `apple`, `banana`, `cherry`, `durian`. @ http://localhost:6006/node_modules/.cache/storybook/10.3.5/1c3385a5d25e538d10b518b310c74d3ca2690b6aaffeadccd74da79736171f86/sb-vite/deps/Select-LCKMaP0S.js?v=9a6247d0:2755
[ 2709584ms] [WARNING] MUI: You have provided an out-of-range value `undefined` for the select component.
Consider providing a value that matches one of the available options or ''.
The available values are `au`, `nz`, `us`. @ http://localhost:6006/node_modules/.cache/storybook/10.3.5/1c3385a5d25e538d10b518b310c74d3ca2690b6aaffeadccd74da79736171f86/sb-vite/deps/Select-LCKMaP0S.js?v=9a6247d0:2755
[ 2709591ms] [WARNING] MUI: You have provided an out-of-range value `undefined` for the select component.
Consider providing a value that matches one of the available options or ''.
The available values are `apple`, `banana`, `cherry`, `durian`. @ http://localhost:6006/node_modules/.cache/storybook/10.3.5/1c3385a5d25e538d10b518b310c74d3ca2690b6aaffeadccd74da79736171f86/sb-vite/deps/Select-LCKMaP0S.js?v=9a6247d0:2755
[ 2709591ms] [WARNING] MUI: You have provided an out-of-range value `undefined` for the select component.
Consider providing a value that matches one of the available options or ''.
The available values are `au`, `nz`, `us`. @ http://localhost:6006/node_modules/.cache/storybook/10.3.5/1c3385a5d25e538d10b518b310c74d3ca2690b6aaffeadccd74da79736171f86/sb-vite/deps/Select-LCKMaP0S.js?v=9a6247d0:2755
[ 2717458ms] [LOG] [vite] server connection lost. Polling for restart... @ http://localhost:6006/@vite/client:968
