[     454ms] [WARNING] The 'ariaLabel' prop on 'PopoverProvider' will become mandatory in Storybook 11. Provide a concise, accessible label describing the popover's purpose. @ http://localhost:6006/sb-manager/globals-runtime.js:5810
[    1592ms] [ERROR] Failed to load resource: the server responded with a status of 404 (Not Found) @ http://localhost:6006/icons/font-awesome/solid/shield-halved-solid-full.svg:0
[    1592ms] [ERROR] Failed to load resource: the server responded with a status of 404 (Not Found) @ http://localhost:6006/icons/font-awesome/solid/shield-halved-solid-full.svg:0
[  181761ms] [ERROR] Failed to load resource: the server responded with a status of 404 (Not Found) @ http://localhost:6006/icons/font-awesome/solid/shield-halved-solid-full.svg:0
[  189122ms] [ERROR] Failed to load resource: the server responded with a status of 404 (Not Found) @ http://localhost:6006/icons/font-awesome/solid/shield-halved-solid-full.svg:0
[  194359ms] [ERROR] Failed to load resource: the server responded with a status of 404 (Not Found) @ http://localhost:6006/icons/font-awesome/solid/shield-halved-solid-full.svg:0
[  200178ms] [ERROR] SyntaxError: The requested module '/src/components/ManagedList/index.tsx?t=1780048035527' does not provide an export named 'ManagedList' @ http://localhost:6006/node_modules/@storybook/nextjs-vite/dist/_browser-chunks/chunk-4ZRKYE2G.js?v=929a069c:167
[  211705ms] [ERROR] Failed to load resource: the server responded with a status of 404 (Not Found) @ http://localhost:6006/icons/font-awesome/solid/shield-halved-solid-full.svg:0
[  281108ms] [ERROR] Failed to load resource: the server responded with a status of 404 (Not Found) @ http://localhost:6006/icons/font-awesome/solid/shield-halved-solid-full.svg:0
[  363328ms] [ERROR] Failed to load resource: the server responded with a status of 404 (Not Found) @ http://localhost:6006/icons/font-awesome/solid/shield-halved-solid-full.svg:0
[  376398ms] [ERROR] Failed to load resource: the server responded with a status of 404 (Not Found) @ http://localhost:6006/icons/font-awesome/solid/shield-halved-solid-full.svg:0
[  381521ms] [ERROR] Failed to load resource: the server responded with a status of 404 (Not Found) @ http://localhost:6006/icons/font-awesome/solid/shield-halved-solid-full.svg:0
[  493505ms] [ERROR] Failed to load resource: the server responded with a status of 404 (Not Found) @ http://localhost:6006/icons/font-awesome/solid/shield-halved-solid-full.svg:0
[  660173ms] [ERROR] Failed to load resource: the server responded with a status of 404 (Not Found) @ http://localhost:6006/icons/font-awesome/solid/shield-halved-solid-full.svg:0
[  740529ms] [ERROR] Failed to load resource: the server responded with a status of 404 (Not Found) @ http://localhost:6006/icons/font-awesome/solid/shield-halved-solid-full.svg:0
[  812767ms] [ERROR] Failed to load resource: the server responded with a status of 404 (Not Found) @ http://localhost:6006/icons/font-awesome/solid/shield-halved-solid-full.svg:0
[  845964ms] [ERROR] Failed to load resource: the server responded with a status of 404 (Not Found) @ http://localhost:6006/icons/font-awesome/solid/shield-halved-solid-full.svg:0
[  952098ms] [ERROR] Failed to load resource: the server responded with a status of 404 (Not Found) @ http://localhost:6006/icons/font-awesome/solid/shield-halved-solid-full.svg:0
[  996028ms] [ERROR] Failed to load resource: the server responded with a status of 404 (Not Found) @ http://localhost:6006/icons/font-awesome/solid/shield-halved-solid-full.svg:0
[ 1012901ms] [ERROR] Failed to load resource: the server responded with a status of 404 (Not Found) @ http://localhost:6006/icons/font-awesome/solid/shield-halved-solid-full.svg:0
[ 1140712ms] [ERROR] Failed to load resource: the server responded with a status of 404 (Not Found) @ http://localhost:6006/icons/font-awesome/solid/shield-halved-solid-full.svg:0
[ 1148219ms] [ERROR] Failed to load resource: the server responded with a status of 404 (Not Found) @ http://localhost:6006/icons/font-awesome/solid/shield-halved-solid-full.svg:0
[ 1229670ms] [ERROR] Failed to load resource: the server responded with a status of 404 (Not Found) @ http://localhost:6006/icons/font-awesome/solid/shield-halved-solid-full.svg:0
[ 1255782ms] [ERROR] Failed to load resource: the server responded with a status of 404 (Not Found) @ http://localhost:6006/icons/font-awesome/solid/shield-halved-solid-full.svg:0
[ 1289636ms] [ERROR] Failed to load resource: the server responded with a status of 404 (Not Found) @ http://localhost:6006/icons/font-awesome/solid/shield-halved-solid-full.svg:0
[ 1348991ms] [ERROR] Failed to load resource: the server responded with a status of 404 (Not Found) @ http://localhost:6006/icons/font-awesome/solid/shield-halved-solid-full.svg:0
[ 1372265ms] [ERROR] Failed to load resource: the server responded with a status of 404 (Not Found) @ http://localhost:6006/icons/font-awesome/solid/shield-halved-solid-full.svg:0
[ 1460766ms] [ERROR] Failed to load resource: the server responded with a status of 404 (Not Found) @ http://localhost:6006/icons/font-awesome/solid/shield-halved-solid-full.svg:0
[ 1472773ms] [ERROR] Failed to load resource: the server responded with a status of 404 (Not Found) @ http://localhost:6006/icons/font-awesome/solid/shield-halved-solid-full.svg:0
[ 1597867ms] [ERROR] Failed to load resource: the server responded with a status of 404 (Not Found) @ http://localhost:6006/icons/font-awesome/solid/shield-halved-solid-full.svg:0
[ 1603019ms] [ERROR] Failed to load resource: the server responded with a status of 404 (Not Found) @ http://localhost:6006/icons/font-awesome/solid/shield-halved-solid-full.svg:0
[ 1632171ms] [ERROR] Failed to load resource: the server responded with a status of 404 (Not Found) @ http://localhost:6006/icons/font-awesome/solid/shield-halved-solid-full.svg:0
[ 1785349ms] [ERROR] Failed to load resource: the server responded with a status of 404 (Not Found) @ http://localhost:6006/icons/font-awesome/solid/shield-halved-solid-full.svg:0
[ 1798358ms] [ERROR] Failed to load resource: the server responded with a status of 404 (Not Found) @ http://localhost:6006/icons/font-awesome/solid/shield-halved-solid-full.svg:0
[ 1803695ms] [ERROR] Failed to load resource: the server responded with a status of 404 (Not Found) @ http://localhost:6006/icons/font-awesome/solid/shield-halved-solid-full.svg:0
[ 1811112ms] [ERROR] Failed to load resource: the server responded with a status of 404 (Not Found) @ http://localhost:6006/icons/font-awesome/solid/shield-halved-solid-full.svg:0
[ 2277519ms] [ERROR] Failed to load resource: the server responded with a status of 404 (Not Found) @ http://localhost:6006/icons/font-awesome/solid/shield-halved-solid-full.svg:0
[ 2284281ms] [ERROR] Failed to load resource: the server responded with a status of 404 (Not Found) @ http://localhost:6006/icons/font-awesome/solid/shield-halved-solid-full.svg:0
[ 2440134ms] [ERROR] Failed to load resource: the server responded with a status of 404 (Not Found) @ http://localhost:6006/icons/font-awesome/solid/shield-halved-solid-full.svg:0
[ 2444858ms] [ERROR] Failed to load resource: the server responded with a status of 404 (Not Found) @ http://localhost:6006/icons/font-awesome/solid/shield-halved-solid-full.svg:0
[ 2823202ms] [ERROR] Failed to load resource: the server responded with a status of 404 (Not Found) @ http://localhost:6006/icons/font-awesome/solid/shield-halved-solid-full.svg:0
[ 2827337ms] [ERROR] Failed to load resource: the server responded with a status of 404 (Not Found) @ http://localhost:6006/icons/font-awesome/solid/shield-halved-solid-full.svg:0
[ 3101624ms] [ERROR] Failed to load resource: the server responded with a status of 404 (Not Found) @ http://localhost:6006/icons/font-awesome/solid/shield-halved-solid-full.svg:0
[ 3107057ms] [ERROR] Failed to load resource: the server responded with a status of 404 (Not Found) @ http://localhost:6006/icons/font-awesome/solid/shield-halved-solid-full.svg:0
[ 3274771ms] [ERROR] Failed to load resource: the server responded with a status of 404 (Not Found) @ http://localhost:6006/icons/font-awesome/solid/shield-halved-solid-full.svg:0
[ 3287494ms] [ERROR] Failed to load resource: the server responded with a status of 404 (Not Found) @ http://localhost:6006/icons/font-awesome/solid/shield-halved-solid-full.svg:0
[ 3492268ms] [ERROR] Failed to load resource: the server responded with a status of 404 (Not Found) @ http://localhost:6006/icons/font-awesome/solid/shield-halved-solid-full.svg:0
[ 3496714ms] [ERROR] Failed to load resource: the server responded with a status of 404 (Not Found) @ http://localhost:6006/icons/font-awesome/solid/shield-halved-solid-full.svg:0
[ 3501400ms] [ERROR] Failed to load resource: the server responded with a status of 404 (Not Found) @ http://localhost:6006/icons/font-awesome/solid/shield-halved-solid-full.svg:0
[ 3523010ms] [ERROR] Failed to load resource: the server responded with a status of 404 (Not Found) @ http://localhost:6006/icons/font-awesome/solid/shield-halved-solid-full.svg:0
[ 3623299ms] [ERROR] Failed to load resource: the server responded with a status of 404 (Not Found) @ http://localhost:6006/icons/font-awesome/solid/shield-halved-solid-full.svg:0
[ 3630389ms] [ERROR] Failed to load resource: the server responded with a status of 404 (Not Found) @ http://localhost:6006/icons/font-awesome/solid/shield-halved-solid-full.svg:0
[ 3900610ms] [ERROR] Failed to load resource: the server responded with a status of 404 (Not Found) @ http://localhost:6006/icons/font-awesome/solid/shield-halved-solid-full.svg:0
[ 3904510ms] [ERROR] Failed to load resource: the server responded with a status of 404 (Not Found) @ http://localhost:6006/icons/font-awesome/solid/shield-halved-solid-full.svg:0
[ 4769859ms] [WARNING] Attempted to set a global (measureEnabled) that is not defined in initial globals or globalTypes @ http://localhost:6006/node_modules/.cache/storybook/10.3.5/1c3385a5d25e538d10b518b310c74d3ca2690b6aaffeadccd74da79736171f86/sb-vite/deps/storybook_internal_preview_runtime.js?v=929a069c:13334
[ 4769859ms] [WARNING] Attempted to set a global (backgrounds) that is not defined in initial globals or globalTypes @ http://localhost:6006/node_modules/.cache/storybook/10.3.5/1c3385a5d25e538d10b518b310c74d3ca2690b6aaffeadccd74da79736171f86/sb-vite/deps/storybook_internal_preview_runtime.js?v=929a069c:13334
[ 4769860ms] [WARNING] Attempted to set a global (outline) that is not defined in initial globals or globalTypes @ http://localhost:6006/node_modules/.cache/storybook/10.3.5/1c3385a5d25e538d10b518b310c74d3ca2690b6aaffeadccd74da79736171f86/sb-vite/deps/storybook_internal_preview_runtime.js?v=929a069c:13334
[ 4769860ms] [WARNING] Attempted to set a global (viewport) that is not defined in initial globals or globalTypes @ http://localhost:6006/node_modules/.cache/storybook/10.3.5/1c3385a5d25e538d10b518b310c74d3ca2690b6aaffeadccd74da79736171f86/sb-vite/deps/storybook_internal_preview_runtime.js?v=929a069c:13334
